###############################################################################
#
# IAR ELF Linker V7.20.1.7305/W32 for ARM                 15/Jun/2016  16:14:21
# Copyright 2007-2014 IAR Systems AB.
#
#    Output file  =  
#        F:\ѧϰ\EiE\eiegit\dlpro\firmware_mpgl1\iar_7_20_1\Debug\Exe\mpgl1.out
#    Map file     =  
#        F:\ѧϰ\EiE\eiegit\dlpro\firmware_mpgl1\iar_7_20_1\Debug\List\mpgl1.map
#    Command line =  
#        F:\ѧϰ\EiE\eiegit\dlpro\firmware_mpgl1\iar_7_20_1\Debug\Obj\ant.o
#        F:\ѧϰ\EiE\eiegit\dlpro\firmware_mpgl1\iar_7_20_1\Debug\Obj\ant_api.o
#        F:\ѧϰ\EiE\eiegit\dlpro\firmware_mpgl1\iar_7_20_1\Debug\Obj\board_cstartup_iar.o
#        F:\ѧϰ\EiE\eiegit\dlpro\firmware_mpgl1\iar_7_20_1\Debug\Obj\buttons.o
#        F:\ѧϰ\EiE\eiegit\dlpro\firmware_mpgl1\iar_7_20_1\Debug\Obj\core_cm3.o
#        F:\ѧϰ\EiE\eiegit\dlpro\firmware_mpgl1\iar_7_20_1\Debug\Obj\debug.o
#        F:\ѧϰ\EiE\eiegit\dlpro\firmware_mpgl1\iar_7_20_1\Debug\Obj\exceptions.o
#        F:\ѧϰ\EiE\eiegit\dlpro\firmware_mpgl1\iar_7_20_1\Debug\Obj\interrupts.o
#        F:\ѧϰ\EiE\eiegit\dlpro\firmware_mpgl1\iar_7_20_1\Debug\Obj\lcd_nhd-c0220biz.o
#        F:\ѧϰ\EiE\eiegit\dlpro\firmware_mpgl1\iar_7_20_1\Debug\Obj\leds.o
#        F:\ѧϰ\EiE\eiegit\dlpro\firmware_mpgl1\iar_7_20_1\Debug\Obj\main.o
#        F:\ѧϰ\EiE\eiegit\dlpro\firmware_mpgl1\iar_7_20_1\Debug\Obj\messaging.o
#        F:\ѧϰ\EiE\eiegit\dlpro\firmware_mpgl1\iar_7_20_1\Debug\Obj\mpgl1-ehdw-03.o
#        F:\ѧϰ\EiE\eiegit\dlpro\firmware_mpgl1\iar_7_20_1\Debug\Obj\sam3u_i2c.o
#        F:\ѧϰ\EiE\eiegit\dlpro\firmware_mpgl1\iar_7_20_1\Debug\Obj\sam3u_ssp.o
#        F:\ѧϰ\EiE\eiegit\dlpro\firmware_mpgl1\iar_7_20_1\Debug\Obj\sam3u_uart.o
#        F:\ѧϰ\EiE\eiegit\dlpro\firmware_mpgl1\iar_7_20_1\Debug\Obj\sdcard.o
#        F:\ѧϰ\EiE\eiegit\dlpro\firmware_mpgl1\iar_7_20_1\Debug\Obj\user_app.o
#        F:\ѧϰ\EiE\eiegit\dlpro\firmware_mpgl1\iar_7_20_1\Debug\Obj\utilities.o
#        --redirect _Printf=_PrintfTiny --redirect _Scanf=_ScanfSmallNoMb -o
#        F:\ѧϰ\EiE\eiegit\dlpro\firmware_mpgl1\iar_7_20_1\Debug\Exe\mpgl1.out
#        --map
#        F:\ѧϰ\EiE\eiegit\dlpro\firmware_mpgl1\iar_7_20_1\Debug\List\mpgl1.map
#        --log initialization,modules,sections --log_file
#        F:\ѧϰ\EiE\eiegit\dlpro\firmware_mpgl1\iar_7_20_1\Debug\List\mpgl1.log
#        --config
#        F:\ѧϰ\EiE\eiegit\dlpro\firmware_mpgl1\iar_7_20_1\..\..\firmware_mpg_common\sam3u2-flash.icf
#        --semihosting --entry __iar_program_start --vfe
#
###############################################################################

*******************************************************************************
*** RUNTIME MODEL ATTRIBUTES
***

CppFlavor       = *
__Heap_Handler  = Basic
__SystemLibrary = DLib


*******************************************************************************
*** PLACEMENT SUMMARY
***

"A1":  place at 0x00080000 { ro section .intvec };
"P1":  place in [from 0x00080000 to 0x0009ffff] { ro };
"P2":  place in [from 0x20000000 to 0x20003fff] { rw, block HEAP };
"P3":  place in [from 0x20080000 to 0x20083fff] { block CSTACK };

  Section            Kind        Address    Size  Object
  -------            ----        -------    ----  ------
"A1":                                       0xbc
  .intvec                     0x00080000    0xbc  <Block>
    .intvec          const    0x00080000    0xbc  board_cstartup_iar.o [1]
                            - 0x000800bc    0xbc

"P1":                                     0x5360
  .text              ro code  0x000800bc   0xf6e  ant.o [1]
  .text              ro code  0x0008102a    0x3e  exceptions.o [1]
  .text              ro code  0x00081068    0x3c  utilities.o [1]
  .text              ro code  0x000810a4    0x76  ABImemcpy_unaligned.o [4]
  .text              ro code  0x0008111a    0x2e  copy_init3.o [4]
  .text              ro code  0x00081148   0x724  debug.o [1]
  .text              ro code  0x0008186c   0x8d0  sam3u_ssp.o [1]
  .text              ro code  0x0008213c    0xb0  xxmemxmalloc.o [3]
  .text              ro code  0x000821ec    0x80  xxmemxfree.o [3]
  .text              ro code  0x0008226c   0x29c  messaging.o [1]
  .text              ro code  0x00082508   0x578  sam3u_uart.o [1]
  .text              ro code  0x00082a80   0x328  leds.o [1]
  .text              ro code  0x00082da8    0x66  ABImemset.o [4]
  .text              ro code  0x00082e0e    0x22  zero_init3.o [4]
  .text              ro code  0x00082e30    0x2c  xgetmemchunk.o [3]
  .text              ro code  0x00082e5c   0x7f0  sam3u_i2c.o [1]
  .text              ro code  0x0008364c   0x74e  user_app.o [1]
  .rodata            const    0x00083d9a     0x2  debug.o [1]
  .text              ro code  0x00083d9c   0x14e  lcd_nhd-c0220biz.o [1]
  .text              ro code  0x00083eec   0x298  ant_api.o [1]
  .text              ro code  0x00084184   0x294  buttons.o [1]
  .text              ro code  0x00084418   0x3e0  mpgl1-ehdw-03.o [1]
  .text              ro code  0x000847f8   0x1c4  interrupts.o [1]
  .text              ro code  0x000849bc    0xc0  sdcard.o [1]
  .text              ro code  0x00084a7c    0xbc  main.o [1]
  .rodata            const    0x00084b38    0x48  debug.o [1]
  .rodata            const    0x00084b80    0x3c  debug.o [1]
  .rodata            const    0x00084bbc    0x2c  ant.o [1]
  .rodata            const    0x00084be8    0x28  ant.o [1]
  .text              ro code  0x00084c10    0x28  data_init.o [4]
  .rodata            const    0x00084c38    0x24  ant.o [1]
  .rodata            const    0x00084c5c    0x24  debug.o [1]
  .rodata            const    0x00084c80    0x24  debug.o [1]
  .rodata            const    0x00084ca4    0x24  debug.o [1]
  .rodata            const    0x00084cc8    0x24  debug.o [1]
  .rodata            const    0x00084cec    0x24  debug.o [1]
  .rodata            const    0x00084d10    0x24  debug.o [1]
  .rodata            const    0x00084d34    0x24  debug.o [1]
  .rodata            const    0x00084d58    0x24  debug.o [1]
  .rodata            const    0x00084d7c    0x24  debug.o [1]
  .iar.init_table    const    0x00084da0    0x24  - Linker created -
  .rodata            const    0x00084dc4    0x20  interrupts.o [1]
  .rodata            const    0x00084de4    0x20  sam3u_uart.o [1]
  .rodata            const    0x00084e04    0x1c  ant.o [1]
  .rodata            const    0x00084e20    0x1c  debug.o [1]
  .text              ro code  0x00084e3c    0x1a  cmain.o [4]
  .text              ro code  0x00084e58    0x14  board_cstartup_iar.o [1]
  .text              ro code  0x00084e6c     0x4  exit.o [3]
  .text              ro code  0x00084e70     0xa  cexit.o [4]
  .text              ro code  0x00084e7c    0x14  exit.o [5]
  .rodata            const    0x00084e90    0x18  ant.o [1]
  .rodata            const    0x00084ea8    0x18  ant.o [1]
  .rodata            const    0x00084ec0    0x18  lcd_nhd-c0220biz.o [1]
  .rodata            const    0x00084ed8    0x18  sdcard.o [1]
  .rodata            const    0x00084ef0    0x14  ant.o [1]
  .rodata            const    0x00084f04    0x14  ant.o [1]
  .rodata            const    0x00084f18    0x14  ant.o [1]
  .rodata            const    0x00084f2c    0x14  ant.o [1]
  .rodata            const    0x00084f40    0x10  buttons.o [1]
  .rodata            const    0x00084f50    0x10  user_app.o [1]
  .rodata            const    0x00084f60     0xc  debug.o [1]
  .rodata            const    0x00084f6c     0xc  debug.o [1]
  .rodata            const    0x00084f78     0xc  user_app.o [1]
  .text              ro code  0x00084f84     0xc  cstartup_M.o [4]
  .rodata            const    0x00084f90     0x8  ant.o [1]
  .rodata            const    0x00084f98     0x8  ant_api.o [1]
  .rodata            const    0x00084fa0     0x8  ant_api.o [1]
  .rodata            const    0x00084fa8     0x8  ant_api.o [1]
  .rodata            const    0x00084fb0     0x8  ant_api.o [1]
  .rodata            const    0x00084fb8     0x8  ant_api.o [1]
  .rodata            const    0x00084fc0     0x8  debug.o [1]
  .rodata            const    0x00084fc8     0x8  lcd_nhd-c0220biz.o [1]
  .rodata            const    0x00084fd0     0x8  user_app.o [1]
  .rodata            const    0x00084fd8     0x4  ant_api.o [1]
  .rodata            const    0x00084fdc     0x0  zero_init3.o [4]
  .rodata            const    0x00084fdc     0x0  copy_init3.o [4]
  Initializer bytes  ro data  0x00084fdc   0x440  <for P2 s0>
                            - 0x0008541c  0x5360

"P2":                                     0x3940
  P2 s0                       0x20000000   0x440  <Init block>
    .data            inited   0x20000000    0x70  leds.o [1]
    .data            inited   0x20000070    0x50  ant.o [1]
    .data            inited   0x200000c0    0x44  debug.o [1]
    .data            inited   0x20000104    0x40  ant.o [1]
    .data            inited   0x20000144    0x40  debug.o [1]
    .data            inited   0x20000184    0x2c  lcd_nhd-c0220biz.o [1]
    .data            inited   0x200001b0    0x2c  leds.o [1]
    .data            inited   0x200001dc    0x20  ant.o [1]
    .data            inited   0x200001fc    0x20  ant.o [1]
    .data            inited   0x2000021c    0x20  debug.o [1]
    .data            inited   0x2000023c    0x20  mpgl1-ehdw-03.o [1]
    .data            inited   0x2000025c    0x1c  ant.o [1]
    .data            inited   0x20000278    0x18  ant.o [1]
    .data            inited   0x20000290    0x18  ant.o [1]
    .data            inited   0x200002a8    0x18  debug.o [1]
    .data            inited   0x200002c0    0x18  leds.o [1]
    .data            inited   0x200002d8    0x18  sam3u_ssp.o [1]
    .data            inited   0x200002f0    0x18  sam3u_ssp.o [1]
    .data            inited   0x20000308    0x18  user_app.o [1]
    .data            inited   0x20000320    0x14  ant.o [1]
    .data            inited   0x20000334    0x14  ant.o [1]
    .data            inited   0x20000348    0x14  ant.o [1]
    .data            inited   0x2000035c    0x14  ant.o [1]
    .data            inited   0x20000370    0x14  buttons.o [1]
    .data            inited   0x20000384    0x14  debug.o [1]
    .data            inited   0x20000398    0x14  user_app.o [1]
    .data            inited   0x200003ac    0x10  ant.o [1]
    .data            inited   0x200003bc    0x10  user_app.o [1]
    .data            inited   0x200003cc    0x10  user_app.o [1]
    .data            inited   0x200003dc     0xc  ant_api.o [1]
    .data            inited   0x200003e8     0x8  ant.o [1]
    .data            inited   0x200003f0     0x8  ant.o [1]
    .data            inited   0x200003f8     0x8  buttons.o [1]
    .data            inited   0x20000400     0x8  debug.o [1]
    .data            inited   0x20000408     0x8  user_app.o [1]
    .data            inited   0x20000410     0x8  utilities.o [1]
    .data            inited   0x20000418     0x8  utilities.o [1]
    .data            inited   0x20000420     0x4  debug.o [1]
    .data            inited   0x20000424     0x4  messaging.o [1]
    .data            inited   0x20000428     0x4  user_app.o [1]
    .data            inited   0x2000042c     0x4  user_app.o [1]
    .data            inited   0x20000430     0x4  user_app.o [1]
    .data            inited   0x20000434     0x4  user_app.o [1]
    .data            inited   0x20000438     0x2  interrupts.o [1]
    .data            inited   0x2000043a     0x2  user_app.o [1]
    .data            inited   0x2000043c     0x1  user_app.o [1]
  .bss               zero     0x20000440   0x900  messaging.o [1]
  .bss               zero     0x20000d40   0x300  messaging.o [1]
  .bss               zero     0x20001040   0x224  sdcard.o [1]
  .bss               zero     0x20001264   0x100  ant.o [1]
  .bss               zero     0x20001364   0x100  sam3u_i2c.o [1]
  .bss               zero     0x20001464    0x80  debug.o [1]
  .bss               zero     0x200014e4    0x80  debug.o [1]
  .bss               zero     0x20001564    0x80  sam3u_ssp.o [1]
  .bss               zero     0x200015e4    0x40  debug.o [1]
  .bss               zero     0x20001624    0x34  sam3u_ssp.o [1]
  .bss               zero     0x20001658    0x34  sam3u_ssp.o [1]
  .bss               zero     0x2000168c    0x34  sam3u_ssp.o [1]
  .bss               zero     0x200016c0    0x24  ant.o [1]
  .bss               zero     0x200016e4    0x24  sam3u_uart.o [1]
  .bss               zero     0x20001708    0x24  sam3u_uart.o [1]
  .bss               zero     0x2000172c    0x24  sam3u_uart.o [1]
  .bss               zero     0x20001750    0x24  sam3u_uart.o [1]
  .bss               zero     0x20001774    0x24  sdcard.o [1]
  .bss               zero     0x20001798    0x10  buttons.o [1]
  .bss               zero     0x200017a8    0x10  buttons.o [1]
  .bss               zero     0x200017b8    0x10  sam3u_i2c.o [1]
  .bss               zero     0x200017c8     0xc  ant.o [1]
  .bss               zero     0x200017d4     0xc  ant.o [1]
  .bss               zero     0x200017e0     0x8  ant_api.o [1]
  .bss               zero     0x200017e8     0x8  xxmemxmalloc.o [3]
  .bss               zero     0x200017f0     0x4  ant.o [1]
  .bss               zero     0x200017f4     0x4  ant.o [1]
  .bss               zero     0x200017f8     0x4  ant.o [1]
  .bss               zero     0x200017fc     0x4  ant.o [1]
  .bss               zero     0x20001800     0x4  ant.o [1]
  .bss               zero     0x20001804     0x4  ant.o [1]
  .bss               zero     0x20001808     0x4  ant.o [1]
  .bss               zero     0x2000180c     0x4  ant.o [1]
  .bss               zero     0x20001810     0x4  ant.o [1]
  .bss               zero     0x20001814     0x4  ant.o [1]
  .bss               zero     0x20001818     0x4  ant.o [1]
  .bss               zero     0x2000181c     0x4  ant.o [1]
  .bss               zero     0x20001820     0x4  ant.o [1]
  .bss               zero     0x20001824     0x4  ant.o [1]
  .bss               zero     0x20001828     0x4  ant.o [1]
  .bss               zero     0x2000182c     0x4  ant.o [1]
  .bss               zero     0x20001830     0x4  ant.o [1]
  .bss               zero     0x20001834     0x4  ant.o [1]
  .bss               zero     0x20001838     0x4  ant.o [1]
  .bss               zero     0x2000183c     0x4  ant.o [1]
  .bss               zero     0x20001840     0x4  ant.o [1]
  .bss               zero     0x20001844     0x4  ant_api.o [1]
  .bss               zero     0x20001848     0x4  buttons.o [1]
  .bss               zero     0x2000184c     0x4  buttons.o [1]
  .bss               zero     0x20001850     0x4  buttons.o [1]
  .bss               zero     0x20001854     0x4  buttons.o [1]
  .bss               zero     0x20001858     0x4  buttons.o [1]
  .bss               zero     0x2000185c     0x4  debug.o [1]
  .bss               zero     0x20001860     0x4  debug.o [1]
  .bss               zero     0x20001864     0x4  debug.o [1]
  .bss               zero     0x20001868     0x4  debug.o [1]
  .bss               zero     0x2000186c     0x4  debug.o [1]
  .bss               zero     0x20001870     0x4  debug.o [1]
  .bss               zero     0x20001874     0x4  debug.o [1]
  .bss               zero     0x20001878     0x4  lcd_nhd-c0220biz.o [1]
  .bss               zero     0x2000187c     0x4  lcd_nhd-c0220biz.o [1]
  .bss               zero     0x20001880     0x4  main.o [1]
  .bss               zero     0x20001884     0x4  main.o [1]
  .bss               zero     0x20001888     0x4  messaging.o [1]
  .bss               zero     0x2000188c     0x4  messaging.o [1]
  .bss               zero     0x20001890     0x4  messaging.o [1]
  .bss               zero     0x20001894     0x4  messaging.o [1]
  .bss               zero     0x20001898     0x4  mpgl1-ehdw-03.o [1]
  .bss               zero     0x2000189c     0x4  mpgl1-ehdw-03.o [1]
  .bss               zero     0x200018a0     0x4  mpgl1-ehdw-03.o [1]
  .bss               zero     0x200018a4     0x4  mpgl1-ehdw-03.o [1]
  .bss               zero     0x200018a8     0x4  sam3u_i2c.o [1]
  .bss               zero     0x200018ac     0x4  sam3u_i2c.o [1]
  .bss               zero     0x200018b0     0x4  sam3u_i2c.o [1]
  .bss               zero     0x200018b4     0x4  sam3u_i2c.o [1]
  .bss               zero     0x200018b8     0x4  sam3u_i2c.o [1]
  .bss               zero     0x200018bc     0x4  sam3u_i2c.o [1]
  .bss               zero     0x200018c0     0x4  sam3u_ssp.o [1]
  .bss               zero     0x200018c4     0x4  sam3u_ssp.o [1]
  .bss               zero     0x200018c8     0x4  sam3u_ssp.o [1]
  .bss               zero     0x200018cc     0x4  sam3u_ssp.o [1]
  .bss               zero     0x200018d0     0x4  sam3u_ssp.o [1]
  .bss               zero     0x200018d4     0x4  sam3u_ssp.o [1]
  .bss               zero     0x200018d8     0x4  sam3u_ssp.o [1]
  .bss               zero     0x200018dc     0x4  sam3u_ssp.o [1]
  .bss               zero     0x200018e0     0x4  sam3u_ssp.o [1]
  .bss               zero     0x200018e4     0x4  sam3u_ssp.o [1]
  .bss               zero     0x200018e8     0x4  sam3u_ssp.o [1]
  .bss               zero     0x200018ec     0x4  sam3u_uart.o [1]
  .bss               zero     0x200018f0     0x4  sam3u_uart.o [1]
  .bss               zero     0x200018f4     0x4  sam3u_uart.o [1]
  .bss               zero     0x200018f8     0x4  sam3u_uart.o [1]
  .bss               zero     0x200018fc     0x4  sam3u_uart.o [1]
  .bss               zero     0x20001900     0x4  sam3u_uart.o [1]
  .bss               zero     0x20001904     0x4  sam3u_uart.o [1]
  .bss               zero     0x20001908     0x4  sam3u_uart.o [1]
  .bss               zero     0x2000190c     0x4  sam3u_uart.o [1]
  .bss               zero     0x20001910     0x4  sam3u_uart.o [1]
  .bss               zero     0x20001914     0x4  sdcard.o [1]
  .bss               zero     0x20001918     0x4  sdcard.o [1]
  .bss               zero     0x2000191c     0x4  sdcard.o [1]
  .bss               zero     0x20001920     0x4  sdcard.o [1]
  .bss               zero     0x20001924     0x4  user_app.o [1]
  .bss               zero     0x20001928     0x4  xgetmemchunk.o [3]
  .bss               zero     0x2000192c     0x2  debug.o [1]
  .bss               zero     0x2000192e     0x2  lcd_nhd-c0220biz.o [1]
  .bss               zero     0x20001930     0x1  ant.o [1]
  .bss               zero     0x20001931     0x1  ant.o [1]
  .bss               zero     0x20001932     0x1  ant.o [1]
  .bss               zero     0x20001933     0x1  ant.o [1]
  .bss               zero     0x20001934     0x1  ant_api.o [1]
  .bss               zero     0x20001935     0x1  debug.o [1]
  .bss               zero     0x20001936     0x1  debug.o [1]
  .bss               zero     0x20001937     0x1  debug.o [1]
  .bss               zero     0x20001938     0x1  messaging.o [1]
  .bss               zero     0x20001939     0x1  sam3u_i2c.o [1]
  .bss               zero     0x2000193a     0x1  sam3u_i2c.o [1]
  .bss               zero     0x2000193b     0x1  sam3u_i2c.o [1]
  .bss               zero     0x2000193c     0x1  sam3u_uart.o [1]
  .bss               zero     0x2000193d     0x1  user_app.o [1]
  HEAP                        0x20001940  0x2000  <Block>
    HEAP             uninit   0x20001940  0x2000  <Block tail>
                            - 0x20003940  0x3940

"P3":                                     0x2000
  CSTACK                      0x20080000  0x2000  <Block>
    CSTACK           uninit   0x20080000  0x2000  <Block tail>
                            - 0x20082000  0x2000


*******************************************************************************
*** INIT TABLE
***

          Address     Size
          -------     ----
Zero (__iar_zero_init3)
    1 destination range, total size 0x14fe:
          0x20000440  0x14fe

Copy (__iar_copy_init3)
    1 source range, total size 0x440 (100% of destination):
          0x00084fdc   0x440
    1 destination range, total size 0x43d:
          0x20000000   0x43d



*******************************************************************************
*** MODULE SUMMARY
***

    Module                 ro code  ro data  rw data
    ------                 -------  -------  -------
F:\ѧϰ\EiE\eiegit\dlpro\firmware_mpgl1\iar_7_20_1\Debug\Obj: [1]
    ant.o                    3 950      680      800
    ant_api.o                  664       56       25
    board_cstartup_iar.o        20      188
    buttons.o                  660       44       80
    debug.o                  1 828      738      573
    exceptions.o                62
    interrupts.o               452       34        2
    lcd_nhd-c0220biz.o         334       76       54
    leds.o                     808      180      180
    main.o                     188                 8
    messaging.o                668        4    3 093
    mpgl1-ehdw-03.o            992       32       48
    sam3u_i2c.o              2 032               299
    sam3u_ssp.o              2 256       48      376
    sam3u_uart.o             1 400       32      185
    sdcard.o                   192       24      600
    user_app.o               1 870      139      108
    utilities.o                 60       16       16
    ------------------------------------------------
    Total:                  18 436    2 291    6 447

command line: [2]
    ------------------------------------------------
    Total:

dl7M_tln.a: [3]
    exit.o                       4
    xgetmemchunk.o              44                 4
    xxmemxfree.o               128
    xxmemxmalloc.o             176                 8
    ------------------------------------------------
    Total:                     352                12

rt7M_tl.a: [4]
    ABImemcpy_unaligned.o      118
    ABImemset.o                102
    cexit.o                     10
    cmain.o                     26
    copy_init3.o                46
    cstartup_M.o                12
    data_init.o                 40
    zero_init3.o                34
    ------------------------------------------------
    Total:                     388

shb_l.a: [5]
    exit.o                      20
    ------------------------------------------------
    Total:                      20

    Gaps                         6
    Linker created                       39   16 384
----------------------------------------------------
    Grand Total:            19 202    2 330   22 843


*******************************************************************************
*** ENTRY LIST
***

Entry                      Address   Size  Type      Object
-----                      -------   ----  ----      ------
.intvec$$Base           0x00080000          --   Gb  - Linker created -
.intvec$$Limit          0x000800bc          --   Gb  - Linker created -
?main                   0x00084e3d         Code  Gb  cmain.o [4]
ADCC0_IrqHandler        0x00081061    0x2  Code  Wk  exceptions.o [1]
ADCC1_IrqHandler        0x00081063    0x2  Code  Wk  exceptions.o [1]
AddNewMessageStatus     0x0008248d   0x34  Code  Lc  messaging.o [1]
AdvanceAntRxBufferCurrentChar
                        0x0008043d   0x28  Code  Lc  ant.o [1]
AdvanceAntRxBufferUnreadMsgPointer
                        0x00080465   0x28  Code  Lc  ant.o [1]
AntAbortMessage         0x00080411   0x2c  Code  Lc  ant.o [1]
AntCalculateTxChecksum  0x000808f7   0x24  Code  Gb  ant.o [1]
AntChannelConfig        0x00083eed  0x1a2  Code  Gb  ant_api.o [1]
AntDeQueueApplicationMessage
                        0x000809e3   0x38  Code  Gb  ant.o [1]
AntDeQueueOutgoingMessage
                        0x00080dcf   0x22  Code  Lc  ant.o [1]
AntExpectResponse       0x000807b5   0xe4  Code  Gb  ant.o [1]
AntInitialize           0x0008048d  0x190  Code  Gb  ant.o [1]
AntOpenChannel          0x0008408f   0x30  Code  Gb  ant_api.o [1]
AntProcessMessage       0x00080a25  0x2a4  Code  Lc  ant.o [1]
AntQueueApplicationMessage
                        0x00080d29   0xa6  Code  Lc  ant.o [1]
AntQueueBroadcastMessage
                        0x000840bf   0x36  Code  Gb  ant_api.o [1]
AntQueueOutgoingMessage
                        0x0008091b   0xc8  Code  Gb  ant.o [1]
AntReadData             0x000840f5   0x4a  Code  Gb  ant_api.o [1]
AntRunActiveState       0x0008061d    0xc  Code  Gb  ant.o [1]
AntRxFlowControlCallback
                        0x000808b1   0x46  Code  Gb  ant.o [1]
AntRxMessage            0x000801cd  0x244  Code  Lc  ant.o [1]
AntSM_Idle              0x00080e15   0x96  Code  Gb  ant.o [1]
AntSM_NoResponse        0x00081029    0x2  Code  Gb  ant.o [1]
AntSM_ReceiveMessage    0x00080eb1   0x18  Code  Gb  ant.o [1]
AntSM_TransmitMessage   0x00080ed5   0x76  Code  Gb  ant.o [1]
AntSrdyPulse            0x000801a3   0x2a  Code  Lc  ant.o [1]
AntSyncSerialInitialize
                        0x000800bd   0xe6  Code  Lc  ant.o [1]
AntTick                 0x00080cd1   0x42  Code  Lc  ant.o [1]
AntTxFlowControlCallback
                        0x00080899   0x16  Code  Gb  ant.o [1]
AntTxMessage            0x00080629  0x18c  Code  Gb  ant.o [1]
Ant_DebugProcessRxMessages
                        0x2000183c    0x4  Data  Lc  ant.o [1]
Ant_DebugQueuedDataMessages
                        0x20001840    0x4  Data  Lc  ant.o [1]
Ant_DebugRxMessageCounter
                        0x20001834    0x4  Data  Lc  ant.o [1]
Ant_DebugTotalRxMessages
                        0x20001838    0x4  Data  Lc  ant.o [1]
Ant_Ssp                 0x20001818    0x4  Data  Lc  ant.o [1]
Ant_au8AntRxBuffer      0x20001264  0x100  Data  Lc  ant.o [1]
Ant_pfnStateMachine     0x200017f8    0x4  Data  Lc  ant.o [1]
Ant_psDataOutgoingMsgList
                        0x2000182c    0x4  Data  Lc  ant.o [1]
Ant_pu8AntRxBufferCurrentChar
                        0x20001820    0x4  Data  Lc  ant.o [1]
Ant_pu8AntRxBufferNextChar
                        0x2000181c    0x4  Data  Lc  ant.o [1]
Ant_pu8AntRxBufferUnreadMsg
                        0x20001824    0x4  Data  Lc  ant.o [1]
Ant_sSspConfig          0x200016c0   0x24  Data  Lc  ant.o [1]
Ant_u32ApplicationMessageCount
                        0x20001828    0x4  Data  Lc  ant.o [1]
Ant_u32CurrentTxMessageToken
                        0x20001814    0x4  Data  Lc  ant.o [1]
Ant_u32OutgoingMessageCount
                        0x20001830    0x4  Data  Lc  ant.o [1]
Ant_u32RxByteCounter    0x20001808    0x4  Data  Lc  ant.o [1]
Ant_u32RxTimeoutCounter
                        0x2000180c    0x4  Data  Lc  ant.o [1]
Ant_u32RxTimer          0x200017fc    0x4  Data  Lc  ant.o [1]
Ant_u32TxByteCounter    0x20001804    0x4  Data  Lc  ant.o [1]
Ant_u32TxTimer          0x20001800    0x4  Data  Lc  ant.o [1]
Ant_u32UnexpectedByteCounter
                        0x20001810    0x4  Data  Lc  ant.o [1]
Ant_u8AntNewRxMessages  0x20001930    0x1  Data  Lc  ant.o [1]
Ant_u8AntVersion        0x200017d4    0xc  Data  Lc  ant.o [1]
Ant_u8SlaveMissedMessageHigh
                        0x20001931    0x1  Data  Lc  ant.o [1]
Ant_u8SlaveMissedMessageLow
                        0x20001933    0x1  Data  Lc  ant.o [1]
Ant_u8SlaveMissedMessageMid
                        0x20001932    0x1  Data  Lc  ant.o [1]
Bsp_u32TimingViolationsCounter
                        0x200018a0    0x4  Data  Lc  mpgl1-ehdw-03.o [1]
BusFault_Handler        0x00081031    0x2  Code  Wk  exceptions.o [1]
ButtonAcknowledge       0x000841bf    0x8  Code  Gb  buttons.o [1]
ButtonInitialize        0x000841c7   0xb0  Code  Gb  buttons.o [1]
ButtonRunActiveState    0x00084277    0xa  Code  Gb  buttons.o [1]
ButtonSM_ButtonActive   0x000842c9   0xfc  Code  Lc  buttons.o [1]
ButtonSM_Idle           0x000842a9   0x20  Code  Lc  buttons.o [1]
Button_abNewPress       0x20001858    0x4  Data  Lc  buttons.o [1]
Button_aeCurrentState   0x20001850    0x4  Data  Lc  buttons.o [1]
Button_aeNewState       0x20001854    0x4  Data  Lc  buttons.o [1]
Button_au32ButtonPins   0x00084f40   0x10  Data  Lc  buttons.o [1]
Button_au32HoldTimeStart
                        0x200017a8   0x10  Data  Lc  buttons.o [1]
Button_pfnStateMachine  0x2000184c    0x4  Data  Lc  buttons.o [1]
Buttons_asArray         0x200003f8    0x8  Data  Lc  buttons.o [1]
CSTACK$$Base            0x20080000          --   Gb  - Linker created -
CSTACK$$Limit           0x20082000          --   Gb  - Linker created -
ClockSetup              0x00084419   0x7e  Code  Gb  mpgl1-ehdw-03.o [1]
DBGU_IrqHandler         0x00082805   0x1e  Code  Gb  sam3u_uart.o [1]
DeQueueMessage          0x0008239f   0x56  Code  Gb  messaging.o [1]
DebugCommandDummy       0x0008143b   0x1a  Code  Lc  debug.o [1]
DebugCommandLedTestToggle
                        0x00081455   0xb6  Code  Lc  debug.o [1]
DebugCommandPrepareList
                        0x0008139d   0x9e  Code  Lc  debug.o [1]
DebugCommandSysTimeToggle
                        0x00081571   0x46  Code  Lc  debug.o [1]
DebugInitialize         0x000812ad   0xbc  Code  Gb  debug.o [1]
DebugLedTestCharacter   0x0008150b   0x66  Code  Lc  debug.o [1]
DebugLineFeed           0x0008116d   0x1c  Code  Gb  debug.o [1]
DebugMon_Handler        0x00081037    0x2  Code  Wk  exceptions.o [1]
DebugPrintNumber        0x00081189   0xb0  Code  Gb  debug.o [1]
DebugPrintf             0x00081149   0x24  Code  Gb  debug.o [1]
DebugRunActiveState     0x00081369    0xc  Code  Gb  debug.o [1]
DebugRxCallback         0x00081375   0x28  Code  Gb  debug.o [1]
DebugSM_CheckCmd        0x000816dd   0xb2  Code  Lc  debug.o [1]
DebugSM_Error           0x000817a9   0x34  Code  Lc  debug.o [1]
DebugSM_Idle            0x000815b9  0x122  Code  Lc  debug.o [1]
DebugSM_ProcessCmd      0x00081791   0x18  Code  Lc  debug.o [1]
Debug_Uart              0x20001864    0x4  Data  Lc  debug.o [1]
Debug_au8CommandBuffer  0x200015e4   0x40  Data  Lc  debug.o [1]
Debug_au8Commands       0x20000144   0x40  Data  Gb  debug.o [1]
Debug_au8RxBuffer       0x200014e4   0x80  Data  Lc  debug.o [1]
Debug_au8StartupMsg     0x200000c0   0x44  Data  Lc  debug.o [1]
Debug_pfnStateMachine   0x20001860    0x4  Data  Lc  debug.o [1]
Debug_pu8CmdBufferNextChar
                        0x20001874    0x4  Data  Lc  debug.o [1]
Debug_pu8RxBufferNextChar
                        0x2000186c    0x4  Data  Lc  debug.o [1]
Debug_pu8RxBufferParser
                        0x20001870    0x4  Data  Lc  debug.o [1]
Debug_u16CommandSize    0x2000192c    0x2  Data  Lc  debug.o [1]
Debug_u32CurrentMessageToken
                        0x20001868    0x4  Data  Lc  debug.o [1]
Debug_u8Command         0x20001937    0x1  Data  Lc  debug.o [1]
Debug_u8ErrorCode       0x20001936    0x1  Data  Lc  debug.o [1]
EFC0_IrqHandler         0x00081047    0x2  Code  Wk  exceptions.o [1]
EFC1_IrqHandler         0x00081049    0x2  Code  Wk  exceptions.o [1]
G_abButtonDebounceActive
                        0x20001848    0x4  Data  Gb  buttons.o [1]
G_au32ButtonDebounceTimeStart
                        0x20001798   0x10  Data  Gb  buttons.o [1]
G_au8AntApiCurrentData  0x200017e0    0x8  Data  Gb  ant_api.o [1]
G_au8AntMessageAssign   0x20000320   0x14  Data  Gb  ant.o [1]
G_au8AntMessageClose    0x20000348   0x14  Data  Gb  ant.o [1]
G_au8AntMessageFail     0x200003f0    0x8  Data  Gb  ant.o [1]
G_au8AntMessageInit     0x20000290   0x18  Data  Gb  ant.o [1]
G_au8AntMessageInitFail
                        0x200001dc   0x20  Data  Gb  ant.o [1]
G_au8AntMessageNoAnt    0x20000104   0x40  Data  Gb  ant.o [1]
G_au8AntMessageOk       0x200003e8    0x8  Data  Gb  ant.o [1]
G_au8AntMessageOpen     0x2000035c   0x14  Data  Gb  ant.o [1]
G_au8AntMessageSetup    0x20000334   0x14  Data  Gb  ant.o [1]
G_au8AntMessageUnassign
                        0x20000278   0x18  Data  Gb  ant.o [1]
G_au8AntMessageUnhandled
                        0x2000025c   0x1c  Data  Gb  ant.o [1]
G_au8DebugScanfBuffer   0x20001464   0x80  Data  Gb  debug.o [1]
G_au8MessageOFF         0x20000418    0x8  Data  Gb  utilities.o [1]
G_au8MessageON          0x20000410    0x8  Data  Gb  utilities.o [1]
G_eAntApiCurrentMessageClass
                        0x20001934    0x1  Data  Gb  ant_api.o [1]
G_sAntApplicationMsgList
                        0x200017f4    0x4  Data  Gb  ant.o [1]
G_stAntSetupData        0x200017c8    0xc  Data  Gb  ant.o [1]
G_u32AntApiCurrentDataTimeStamp
                        0x20001844    0x4  Data  Gb  ant_api.o [1]
G_u32AntFlags           0x200017f0    0x4  Data  Gb  ant.o [1]
G_u32ApplicationFlags   0x20001884    0x4  Data  Gb  main.o [1]
G_u32DebugFlags         0x2000185c    0x4  Data  Gb  debug.o [1]
G_u32MessagingFlags     0x20001888    0x4  Data  Gb  messaging.o [1]
G_u32Ssp1ApplicationFlags
                        0x200018c0    0x4  Data  Gb  sam3u_ssp.o [1]
G_u32Ssp2ApplicationFlags
                        0x200018c4    0x4  Data  Gb  sam3u_ssp.o [1]
G_u32SystemFlags        0x20001880    0x4  Data  Gb  main.o [1]
G_u32SystemTime1ms      0x20001898    0x4  Data  Gb  mpgl1-ehdw-03.o [1]
G_u32SystemTime1s       0x2000189c    0x4  Data  Gb  mpgl1-ehdw-03.o [1]
G_u32Uart0ApplicationFlags
                        0x200018f0    0x4  Data  Gb  sam3u_uart.o [1]
G_u32UartApplicationFlags
                        0x200018ec    0x4  Data  Gb  sam3u_uart.o [1]
G_u8DebugScanfCharCount
                        0x20001935    0x1  Data  Gb  debug.o [1]
GetButtonBitLocation    0x00084281   0x26  Code  Gb  buttons.o [1]
GpioSetup               0x00084541   0xea  Code  Gb  mpgl1-ehdw-03.o [1]
HDMA_IrqHandler         0x00081065    0x2  Code  Wk  exceptions.o [1]
HEAP$$Base              0x20001940          --   Gb  - Linker created -
HEAP$$Limit             0x20003940          --   Gb  - Linker created -
HSMC4_IrqHandler        0x0008104b    0x2  Code  Wk  exceptions.o [1]
HardFault_Handler       0x0008486b   0x34  Code  Gb  interrupts.o [1]
InterruptSetup          0x00084821   0x4a  Code  Gb  interrupts.o [1]
IrqHandlerNotUsed       0x0008102b    0x2  Code  Gb  exceptions.o [1]
IsTimeUp                0x00081069   0x38  Code  Gb  utilities.o [1]
LCDCommand              0x00083d9d   0x2a  Code  Gb  lcd_nhd-c0220biz.o [1]
LCDMessage              0x00083dc7   0x38  Code  Gb  lcd_nhd-c0220biz.o [1]
LcdInitialize           0x00083dff   0xb2  Code  Gb  lcd_nhd-c0220biz.o [1]
LcdRunActiveState       0x00083eb1    0xa  Code  Gb  lcd_nhd-c0220biz.o [1]
LcdSM_Idle              0x00083ee9    0x2  Code  Gb  lcd_nhd-c0220biz.o [1]
Lcd_StateMachine        0x20001878    0x4  Data  Lc  lcd_nhd-c0220biz.o [1]
Lcd_u32Timer            0x2000187c    0x4  Data  Lc  lcd_nhd-c0220biz.o [1]
LedInitialize           0x00082b59   0xca  Code  Gb  leds.o [1]
LedOff                  0x00082adf   0x58  Code  Gb  leds.o [1]
LedOn                   0x00082a81   0x5e  Code  Gb  leds.o [1]
LedToggle               0x00082b37   0x22  Code  Gb  leds.o [1]
LedUpdate               0x00082c23  0x162  Code  Gb  leds.o [1]
Led_au32BitPositions    0x200001b0   0x2c  Data  Lc  leds.o [1]
Leds_asLedArray         0x20000000   0x70  Data  Lc  leds.o [1]
MCI0_IrqHandler         0x00081051    0x2  Code  Wk  exceptions.o [1]
MemManage_Handler       0x0008102f    0x2  Code  Wk  exceptions.o [1]
MessagingIdle           0x000824c1   0x1c  Code  Gb  messaging.o [1]
MessagingInitialize     0x000823f5   0x72  Code  Gb  messaging.o [1]
MessagingRunActiveState
                        0x00082467    0xa  Code  Gb  messaging.o [1]
Messaging_pfnStateMachine
                        0x2000188c    0x4  Data  Lc  messaging.o [1]
Msg_Pool                0x20000440  0x900  Data  Lc  messaging.o [1]
Msg_StatusQueue         0x20000d40  0x300  Data  Lc  messaging.o [1]
Msg_pNextStatus         0x20001894    0x4  Data  Lc  messaging.o [1]
Msg_u32Token            0x20001890    0x4  Data  Lc  messaging.o [1]
Msg_u8QueuedMessageCount
                        0x20001938    0x1  Data  Lc  messaging.o [1]
NMI_Handler             0x0008102d    0x2  Code  Wk  exceptions.o [1]
NVIC_ClearPendingIRQ    0x00084199   0x14  Code  Lc  buttons.o [1]
NVIC_ClearPendingIRQ    0x0008480d   0x14  Code  Lc  interrupts.o [1]
NVIC_ClearPendingIRQ    0x00082e73   0x16  Code  Lc  sam3u_i2c.o [1]
NVIC_ClearPendingIRQ    0x00081883   0x16  Code  Lc  sam3u_ssp.o [1]
NVIC_ClearPendingIRQ    0x0008251f   0x16  Code  Lc  sam3u_uart.o [1]
NVIC_DisableIRQ         0x000847f9   0x14  Code  Lc  interrupts.o [1]
NVIC_EnableIRQ          0x00084185   0x14  Code  Lc  buttons.o [1]
NVIC_EnableIRQ          0x00082e5d   0x16  Code  Lc  sam3u_i2c.o [1]
NVIC_EnableIRQ          0x0008186d   0x16  Code  Lc  sam3u_ssp.o [1]
NVIC_EnableIRQ          0x00082509   0x16  Code  Lc  sam3u_uart.o [1]
PIOA_IrqHandler         0x000848db   0x54  Code  Gb  interrupts.o [1]
PIOB_IrqHandler         0x0008492f   0x56  Code  Gb  interrupts.o [1]
PIOC_IrqHandler         0x0008104d    0x2  Code  Wk  exceptions.o [1]
PMC_IrqHandler          0x00081045    0x2  Code  Wk  exceptions.o [1]
PWMSetupAudio           0x0008462b   0x5c  Code  Gb  mpgl1-ehdw-03.o [1]
PWM_IrqHandler          0x0008105f    0x2  Code  Wk  exceptions.o [1]
PendSV_Handler          0x00081039    0x2  Code  Wk  exceptions.o [1]
QueryMessageStatus      0x0008226d   0x38  Code  Gb  messaging.o [1]
QueueMessage            0x000822a5   0xfa  Code  Gb  messaging.o [1]
RSTC_IrqHandler         0x0008103d    0x2  Code  Wk  exceptions.o [1]
RTC_IrqHandler          0x0008103f    0x2  Code  Wk  exceptions.o [1]
RTT_IrqHandler          0x00081041    0x2  Code  Wk  exceptions.o [1]
Region$$Table$$Base     0x00084da0          --   Gb  - Linker created -
Region$$Table$$Limit    0x00084dc4          --   Gb  - Linker created -
SD_Ssp                  0x20001918    0x4  Data  Lc  sdcard.o [1]
SD_au8RxBuffer          0x20001040  0x224  Data  Lc  sdcard.o [1]
SD_pfnStateMachine      0x20001914    0x4  Data  Lc  sdcard.o [1]
SD_pu8RxBufferNextByte  0x2000191c    0x4  Data  Lc  sdcard.o [1]
SD_pu8RxBufferParser    0x20001920    0x4  Data  Lc  sdcard.o [1]
SD_sSspConfig           0x20001774   0x24  Data  Lc  sdcard.o [1]
SPI0_IrqHandler         0x00081055    0x2  Code  Wk  exceptions.o [1]
SSC0_IrqHandler         0x00081057    0x2  Code  Wk  exceptions.o [1]
SSP_Peripheral0         0x20001624   0x34  Data  Lc  sam3u_ssp.o [1]
SSP_Peripheral1         0x20001658   0x34  Data  Lc  sam3u_ssp.o [1]
SSP_Peripheral2         0x2000168c   0x34  Data  Lc  sam3u_ssp.o [1]
SSP_au8Dummies          0x20001564   0x80  Data  Lc  sam3u_ssp.o [1]
SSP_psCurrentISR        0x200018d8    0x4  Data  Lc  sam3u_ssp.o [1]
SSP_psCurrentSsp        0x200018d4    0x4  Data  Lc  sam3u_ssp.o [1]
SSP_pu32SspApplicationFlagsISR
                        0x200018dc    0x4  Data  Lc  sam3u_ssp.o [1]
SSP_u32AntCounter       0x200018e8    0x4  Data  Lc  sam3u_ssp.o [1]
SSP_u32Flags            0x200018d0    0x4  Data  Lc  sam3u_ssp.o [1]
SSP_u32Int1Count        0x200018e0    0x4  Data  Lc  sam3u_ssp.o [1]
SSP_u32Int2Count        0x200018e4    0x4  Data  Lc  sam3u_ssp.o [1]
SSP_u32Timer            0x200018cc    0x4  Data  Lc  sam3u_ssp.o [1]
SUPC_IrqHandler         0x0008103b    0x2  Code  Wk  exceptions.o [1]
SVC_Handler             0x00081035    0x2  Code  Wk  exceptions.o [1]
SdCardInitialize        0x000849bd   0x8c  Code  Gb  sdcard.o [1]
SdCardRunActiveState    0x00084a49    0xa  Code  Gb  sdcard.o [1]
SdIdleNoCard            0x00084a55    0x2  Code  Lc  sdcard.o [1]
SspGenericHandler       0x00081bb7  0x352  Code  Gb  sam3u_ssp.o [1]
SspInitialize           0x00081a11   0xfe  Code  Gb  sam3u_ssp.o [1]
SspManualMode           0x00081b1b   0x48  Code  Gb  sam3u_ssp.o [1]
SspRequest              0x00081899  0x148  Code  Gb  sam3u_ssp.o [1]
SspRunActiveState       0x00081b0f    0xc  Code  Gb  sam3u_ssp.o [1]
SspSM_Idle              0x00081f09  0x1c0  Code  Gb  sam3u_ssp.o [1]
SspWriteData            0x000819e1   0x30  Code  Gb  sam3u_ssp.o [1]
Ssp_pfnStateMachine     0x200018c8    0x4  Data  Lc  sam3u_ssp.o [1]
SysTickSetup            0x00084497   0x22  Code  Gb  mpgl1-ehdw-03.o [1]
SysTick_Handler         0x0008489f   0x3c  Code  Gb  interrupts.o [1]
SystemSleep             0x000844b9   0x7a  Code  Gb  mpgl1-ehdw-03.o [1]
SystemStatusReport      0x00081239   0x74  Code  Gb  debug.o [1]
TC0_IrqHandler          0x00081059    0x2  Code  Wk  exceptions.o [1]
TC1_IrqHandler          0x0008105b    0x2  Code  Wk  exceptions.o [1]
TC2_IrqHandler          0x0008105d    0x2  Code  Wk  exceptions.o [1]
TWI0                    0x200018b4    0x4  Data  Lc  sam3u_i2c.o [1]
TWI0FillTxBuffer        0x00083147   0x96  Code  Lc  sam3u_i2c.o [1]
TWI0WriteByte           0x00082e89   0xd6  Code  Gb  sam3u_i2c.o [1]
TWI0WriteData           0x00082f5f   0xda  Code  Gb  sam3u_i2c.o [1]
TWI0_IrqHandler         0x0008321b   0xb8  Code  Gb  sam3u_i2c.o [1]
TWI1_IrqHandler         0x00081053    0x2  Code  Wk  exceptions.o [1]
TWIInitialize           0x00083039  0x102  Code  Gb  sam3u_i2c.o [1]
TWIManualMode           0x000831dd   0x3e  Code  Lc  sam3u_i2c.o [1]
TWIRunActiveState       0x0008313b    0xc  Code  Gb  sam3u_i2c.o [1]
TWISM_Error             0x00083565   0x94  Code  Gb  sam3u_i2c.o [1]
TWISM_Idle              0x000832d5  0x142  Code  Gb  sam3u_i2c.o [1]
TWISM_Receiving         0x000834ed   0x78  Code  Gb  sam3u_i2c.o [1]
TWISM_Transmitting      0x00083419   0xd2  Code  Gb  sam3u_i2c.o [1]
TWI_MessageBuffer       0x20001364  0x100  Data  Lc  sam3u_i2c.o [1]
TWI_MessageBufferCurIndex
                        0x2000193a    0x1  Data  Lc  sam3u_i2c.o [1]
TWI_MessageBufferNextIndex
                        0x20001939    0x1  Data  Lc  sam3u_i2c.o [1]
TWI_MessageQueueLength  0x2000193b    0x1  Data  Lc  sam3u_i2c.o [1]
TWI_Peripheral0         0x200017b8   0x10  Data  Lc  sam3u_i2c.o [1]
TWI_StateMachine        0x200018a8    0x4  Data  Lc  sam3u_i2c.o [1]
TWI_pu8CurrentTxData    0x200018bc    0x4  Data  Lc  sam3u_i2c.o [1]
TWI_u32CurrentBytesRemaining
                        0x200018b8    0x4  Data  Lc  sam3u_i2c.o [1]
TWI_u32Flags            0x200018b0    0x4  Data  Lc  sam3u_i2c.o [1]
TWI_u32Timer            0x200018ac    0x4  Data  Lc  sam3u_i2c.o [1]
UART_Peripheral         0x200016e4   0x24  Data  Lc  sam3u_uart.o [1]
UART_Peripheral0        0x20001708   0x24  Data  Lc  sam3u_uart.o [1]
UART_Peripheral1        0x2000172c   0x24  Data  Lc  sam3u_uart.o [1]
UART_Peripheral2        0x20001750   0x24  Data  Lc  sam3u_uart.o [1]
UART_psCurrentISR       0x20001904    0x4  Data  Lc  sam3u_uart.o [1]
UART_psCurrentUart      0x20001900    0x4  Data  Lc  sam3u_uart.o [1]
UART_pu32ApplicationFlagsISR
                        0x20001908    0x4  Data  Lc  sam3u_uart.o [1]
UART_u32Flags           0x200018fc    0x4  Data  Lc  sam3u_uart.o [1]
UART_u32Int0Count       0x20001910    0x4  Data  Lc  sam3u_uart.o [1]
UART_u32IntCount        0x2000190c    0x4  Data  Lc  sam3u_uart.o [1]
UART_u32Timer           0x200018f8    0x4  Data  Lc  sam3u_uart.o [1]
UART_u8ActiveUarts      0x2000193c    0x1  Data  Lc  sam3u_uart.o [1]
UDPD_IrqHandler         0x00081067    0x2  Code  Wk  exceptions.o [1]
USART0_IrqHandler       0x00082823   0x1e  Code  Gb  sam3u_uart.o [1]
USART1_IrqHandler       0x00081b63   0x2a  Code  Gb  sam3u_ssp.o [1]
USART2_IrqHandler       0x00081b8d   0x2a  Code  Gb  sam3u_ssp.o [1]
USART3_IrqHandler       0x0008104f    0x2  Code  Wk  exceptions.o [1]
UartGenericHandler      0x00082841   0xf4  Code  Gb  sam3u_uart.o [1]
UartInitialize          0x000826c9   0xfc  Code  Gb  sam3u_uart.o [1]
UartManualMode          0x000827cf   0x36  Code  Lc  sam3u_uart.o [1]
UartRequest             0x00082535  0x138  Code  Gb  sam3u_uart.o [1]
UartRunActiveState      0x000827c5    0xa  Code  Gb  sam3u_uart.o [1]
UartSM_Idle             0x00082939   0xd8  Code  Gb  sam3u_uart.o [1]
UartWriteByte           0x0008266d   0x30  Code  Gb  sam3u_uart.o [1]
UartWriteData           0x0008269d   0x2c  Code  Gb  sam3u_uart.o [1]
Uart_pfnStateMachine    0x200018f4    0x4  Data  Lc  sam3u_uart.o [1]
UpdateMessageStatus     0x00082471   0x1c  Code  Gb  messaging.o [1]
UsageFault_Handler      0x00081033    0x2  Code  Wk  exceptions.o [1]
UserAppInitialize       0x0008364d   0x84  Code  Gb  user_app.o [1]
UserAppRunActiveState   0x000836d1    0xc  Code  Gb  user_app.o [1]
UserAppSM_AutoSelect    0x00083c45   0xda  Code  Lc  user_app.o [1]
UserAppSM_FailedInit    0x00083d99    0x2  Code  Lc  user_app.o [1]
UserAppSM_FuntionSelect
                        0x0008392d  0x17c  Code  Lc  user_app.o [1]
UserAppSM_Idle          0x000836dd  0x22a  Code  Lc  user_app.o [1]
UserAppSM_SleepSelect   0x00083d21   0x2c  Code  Lc  user_app.o [1]
UserAppSM_SwitchSelect  0x00083909   0x22  Code  Lc  user_app.o [1]
UserAppSM_TemperSelect  0x00083aa9   0xda  Code  Lc  user_app.o [1]
UserAppSM_WindSelect    0x00083b85   0xc0  Code  Lc  user_app.o [1]
UserApp_CursorPosition  0x2000193d    0x1  Data  Lc  user_app.o [1]
UserApp_StateMachine    0x20001924    0x4  Data  Lc  user_app.o [1]
WDT_IrqHandler          0x00081043    0x2  Code  Wk  exceptions.o [1]
WasButtonPressed        0x000841ad   0x12  Code  Gb  buttons.o [1]
WatchDogSetup           0x00084533    0xe  Code  Gb  mpgl1-ehdw-03.o [1]
__ICFEDIT_intvec_start__ {Abs}
                        0x00080000          --   Gb  command line/config [2]
__aeabi_memset          0x00082da9         Code  Gb  ABImemset.o [4]
__as_entries_start      0xffffffff          --   Gb  command line/config [2]
__as_table_start        0xffffffff          --   Gb  command line/config [2]
__cmain                 0x00084e3d         Code  Gb  cmain.o [4]
__data_Aldata           0x200017e8    0x8  Data  Gb  xxmemxmalloc.o [3]
__data_GetMemChunk      0x00082e31   0x2c  Code  Gb  xgetmemchunk.o [3]
__exit                  0x00084e7d   0x14  Code  Gb  exit.o [5]
__iar_Memset            0x00082da9         Code  Gb  ABImemset.o [4]
__iar_Memset_word       0x00082db1         Code  Gb  ABImemset.o [4]
__iar_copy_init3        0x0008111b   0x2e  Code  Gb  copy_init3.o [4]
__iar_data_init3        0x00084c11   0x28  Code  Gb  data_init.o [4]
__iar_program_start     0x00084f85         Code  Gb  cstartup_M.o [4]
__iar_unaligned___aeabi_memcpy
                        0x000810a5         Code  Gb  ABImemcpy_unaligned.o [4]
__iar_unaligned___aeabi_memcpy4
                        0x000810c5         Code  Gb  ABImemcpy_unaligned.o [4]
__iar_unaligned___aeabi_memcpy8
                        0x000810c5         Code  Gb  ABImemcpy_unaligned.o [4]
__iar_zero_init3        0x00082e0f   0x22  Code  Gb  zero_init3.o [4]
__low_level_init        0x00084e59   0x14  Code  Gb  board_cstartup_iar.o [1]
__vector_table          0x00080000   0xbc  Data  Gb  board_cstartup_iar.o [1]
_call_main              0x00084e49         Code  Gb  cmain.o [4]
_exit                   0x00084e71         Code  Gb  cexit.o [4]
_main                   0x00084e53         Code  Gb  cmain.o [4]
boolcallonce            0x2000043c    0x1  Data  Gb  user_app.o [1]
exit                    0x00084e6d    0x4  Code  Gb  exit.o [3]
free                    0x000821ed   0x7a  Code  Gb  xxmemxfree.o [3]
main                    0x00084a7d   0xbc  Code  Gb  main.o [1]
malloc                  0x0008213d   0xac  Code  Gb  xxmemxmalloc.o [3]
u8Funtion1Message       0x20000308   0x18  Data  Gb  user_app.o [1]
u8Funtion2Message       0x200003bc   0x10  Data  Gb  user_app.o [1]
u8TransMessage          0x20000408    0x8  Data  Lc  user_app.o [1]
u8off                   0x2000042c    0x4  Data  Gb  user_app.o [1]
u8on                    0x20000428    0x4  Data  Gb  user_app.o [1]


[1] = F:\ѧϰ\EiE\eiegit\dlpro\firmware_mpgl1\iar_7_20_1\Debug\Obj
[2] = command line
[3] = dl7M_tln.a
[4] = rt7M_tl.a
[5] = shb_l.a

  19 202 bytes of readonly  code memory
   2 330 bytes of readonly  data memory
  22 843 bytes of readwrite data memory

Errors: none
Warnings: none
